{
  "id": "@integer@",
  "title": "Create",
  "year": 1234,
  "description": "very long",
  "author": "me"
}