[
  {
    "id":1,
    "title":"New",
    "description":"New very long",
    "author":"Deimantas"
  }
]